// Jest Snapshot v1, https://goo.gl/fbAQLP

exports[`should render ExpenseListItemWithExpense 1`] = `
<div>
  <Link
    replace={false}
    to="/edit/1"
  >
    <h3>
      Gum
    </h3>
  </Link>
  <p>
    Amount:
    $1.95
     -
    1st January 1970
  </p>
</div>
`;
